// Jest Snapshot v1, https://goo.gl/fbAQLP

exports[`<Grid /> matches snapshot with default args 1`] = `
.c0 {
  display: grid;
  grid-auto-flow: row;
  grid-auto-rows: minmax(20px,auto);
  grid-template-columns: repeat(12,1fr);
  grid-gap: 8px 8px;
}

<div
  className="c0"
/>
`;
